
> dnd-companion-2024@1.0.0 build
> vite build

[36mvite v5.4.21 [32mbuilding for production...[36m[39m
transforming...
[32mÔ£ô[39m 162 modules transformed.
rendering chunks...
computing gzip size...
[2mdist/[22m[32massets/manifest-DmIsavaD.json         [39m[1m[2m  0.50 kB[22m[1m[22m[2m Ôöé gzip:   0.26 kB[22m
[2mdist/[22m[32mindex.html                            [39m[1m[2m  1.83 kB[22m[1m[22m[2m Ôöé gzip:   0.81 kB[22m
[2mdist/[22m[35massets/index-Bf3-raMQ.css             [39m[1m[2m 86.02 kB[22m[1m[22m[2m Ôöé gzip:  13.87 kB[22m
[2mdist/[22m[36massets/web-D8iYqhLa.js                [39m[1m[2m  0.38 kB[22m[1m[22m[2m Ôöé gzip:   0.25 kB[22m
[2mdist/[22m[36massets/web-DG1JaQgo.js                [39m[1m[2m  0.76 kB[22m[1m[22m[2m Ôöé gzip:   0.35 kB[22m
[2mdist/[22m[36massets/web-D-0D6qIv.js                [39m[1m[2m  3.71 kB[22m[1m[22m[2m Ôöé gzip:   0.98 kB[22m
[2mdist/[22m[36massets/MonsterBuilder-DaUgFCsr.js     [39m[1m[2m  7.67 kB[22m[1m[22m[2m Ôöé gzip:   2.55 kB[22m
[2mdist/[22m[36massets/CampaignResources-DnQNXS1I.js  [39m[1m[2m  8.74 kB[22m[1m[22m[2m Ôöé gzip:   2.71 kB[22m
[2mdist/[22m[36massets/DMDashboard-Dh_c7jiq.js        [39m[1m[2m 14.60 kB[22m[1m[22m[2m Ôöé gzip:   4.03 kB[22m
[2mdist/[22m[36massets/Compendium-t9PIJ-ZS.js         [39m[1m[2m 17.89 kB[22m[1m[22m[2m Ôöé gzip:   6.45 kB[22m
[2mdist/[22m[36massets/CreatorSteps-SodDXmn0.js       [39m[1m[2m103.53 kB[22m[1m[22m[2m Ôöé gzip:  22.65 kB[22m
[2mdist/[22m[36massets/SheetTabs-CkIjxdwZ.js          [39m[1m[2m147.35 kB[22m[1m[22m[2m Ôöé gzip:  29.35 kB[22m
[2mdist/[22m[36massets/sheetUtils-BYohi36u.js         [39m[1m[2m193.09 kB[22m[1m[22m[2m Ôöé gzip:  48.04 kB[22m
[2mdist/[22m[36massets/index-CIQtLTek.js              [39m[1m[2m321.45 kB[22m[1m[22m[2m Ôöé gzip:  80.73 kB[22m
[2mdist/[22m[36massets/index-CigXJwLO.js              [39m[1m[2m451.13 kB[22m[1m[22m[2m Ôöé gzip: 132.67 kB[22m
[32mÔ£ô built in 3.30s[39m
